---
source: crates/stdnum-core/tests/snapshots.rs
expression: ids
---
[
    "at.businessid",
    "at.tin",
    "at.uid",
    "au.abn",
    "au.acn",
    "be.nn",
    "be.vat",
    "bg.vat",
    "br.cnpj",
    "br.cpf",
    "ch.uid",
    "cn.ric",
    "crypto.wallet",
    "cy.vat",
    "cz.dic",
    "cz.rc",
    "de.idnr",
    "de.stnr",
    "de.svnr",
    "de.vat",
    "dk.cpr",
    "dk.vat",
    "ee.ik",
    "ee.vat",
    "es.cif",
    "es.dni",
    "es.nie",
    "es.nss",
    "es.vat",
    "fi.hetu",
    "fi.vat",
    "fi.ytunnus",
    "fr.nir",
    "fr.siren",
    "fr.siret",
    "fr.tva",
    "gb.nhs",
    "gb.nino",
    "gb.vat",
    "gr.vat",
    "hr.vat",
    "hu.vat",
    "ie.pps",
    "ie.vat",
    "it.codiceFiscale",
    "it.iva",
    "lt.asmens",
    "lt.vat",
    "lu.vat",
    "lv.vat",
    "mt.vat",
    "nl.vat",
    "no.mva",
    "no.orgnr",
    "pl.nip",
    "pl.pesel",
    "pt.cc",
    "pt.vat",
    "ro.cnp",
    "ro.vat",
    "se.personnummer",
    "si.vat",
    "sk.dic",
    "us.ein",
    "us.rtn",
]
